
> build
> tsc -b

src/config/cloudinary.ts(3,17): error TS5097: An import path can only end with a '.ts' extension when 'allowImportingTsExtensions' is enabled.
src/modules/homework/controllers/homework.controller.ts(6,42): error TS2307: Cannot find module '../../../generated/prisma/enums' or its corresponding type declarations.
src/modules/homework/validation/homework.validation.ts(2,42): error TS2307: Cannot find module '../../../generated/prisma/enums' or its corresponding type declarations.
src/modules/school/controllers/holiday.controller.ts(2,29): error TS2307: Cannot find module '../../../generated/prisma/enums' or its corresponding type declarations.
src/modules/school/validation/holiday.validation.ts(2,29): error TS2307: Cannot find module '../../../generated/prisma/enums' or its corresponding type declarations.
src/modules/school/validation/timetable.validation.ts(2,27): error TS2307: Cannot find module '../../../generated/prisma/enums' or its corresponding type declarations.
